[lehublot//index.html]
[backblue.gif]
[fade.gif]
[index.html]
[lehublot//img/favicon.ico]
[cdnjs.cloudflare.com/ajax/libs/font-awesome/5.10.0/css/all.min.css]
[cdn.jsdelivr.net/npm/bootstrap-icons@1.4.1/font/bootstrap-icons.css]
[lehublot//lib/animate/animate.min.css]
[lehublot//lib/owlcarousel/assets/owl.carousel.min.css]
[lehublot//lib/tempusdominus/css/tempusdominus-bootstrap-4.min.css]
[lehublot//css/bootstrap.min.css]
[lehublot//css/style.css]
[lehublot//index-2.html]
[lehublot//about.html]
[lehublot//service.html]
[lehublot//menu.html]
[lehublot//booking.html]
[lehublot//team.html]
[lehublot//testimonial.html]
[lehublot//contact.html]
[lehublot//img/hero.png]
[lehublot//img/about-1.jpg]
[lehublot//img/about-2.jpg]
[lehublot//img/about-3.jpg]
[lehublot//img/about-4.jpg]
[lehublot//img/menu-1.jpg]
[lehublot//img/menu-2.jpg]
[lehublot//img/menu-3.jpg]
[lehublot//img/menu-4.jpg]
[lehublot//img/menu-5.jpg]
[lehublot//img/menu-6.jpg]
[lehublot//img/menu-7.jpg]
[lehublot//img/menu-8.jpg]
[lehublot//img/team-1.jpg]
[lehublot//img/team-2.jpg]
[lehublot//img/team-3.jpg]
[lehublot//img/team-4.jpg]
[lehublot//img/testimonial-1.jpg]
[lehublot//img/testimonial-2.jpg]
[lehublot//img/testimonial-3.jpg]
[lehublot//img/testimonial-4.jpg]
[code.jquery.com/jquery-3.4.1.min.js]
[cdn.jsdelivr.net/npm/bootstrap@5.0.0/dist/js/bootstrap.bundle.min.js]
[lehublot//lib/wow/wow.min.js]
[lehublot//lib/easing/easing.min.js]
[lehublot//lib/waypoints/waypoints.min.js]
[lehublot//lib/counterup/counterup.min.js]
[lehublot//lib/owlcarousel/owl.carousel.min.js]
[lehublot//lib/tempusdominus/js/moment.min.js]
[lehublot//lib/tempusdominus/js/moment-timezone.min.js]
[lehublot//lib/tempusdominus/js/tempusdominus-bootstrap-4.min.js]
[lehublot//js/main.js]
[lehublot//index.html]
[lehublot//img/favicon.html]
[cdnjs.cloudflare.com/ajax/libs/font-awesome/5.10.0/css/all.min.css]
[cdn.jsdelivr.net/npm/bootstrap-icons@1.4.1/font/fonts/bootstrap-iconsfb95.woff2]
[cdn.jsdelivr.net/npm/bootstrap-icons@1.4.1/font/fonts/bootstrap-iconsfb95.woff]
[cdn.jsdelivr.net/npm/bootstrap-icons@1.4.1/font/bootstrap-icons.css]
[lehublot//lib/animate/animate.min.css]
[lehublot//lib/owlcarousel/assets/owl.video.play.png]
[lehublot//lib/owlcarousel/assets/owl.carousel.min.css]
[lehublot//lib/tempusdominus/css/tempusdominus-bootstrap-4.min.css]
[lehublot//css/bootstrap.min.css]
[lehublot//img/bg-hero.jpg]
[lehublot//img/video.jpg]
[lehublot//img/reservation.jpg]
[lehublot//css/style.css]
[lehublot//index-2.html]
[lehublot//about.html]
[lehublot//service.html]
[lehublot//menu.html]
[lehublot//booking.html]
[lehublot//team.html]
[lehublot//testimonial.html]
[lehublot//contact.html]
